Factorial de "5" = 120
Factorial de "6" = 720
Factorial de "7" = 5040
