Number [0] = 10
Number [1] = 20
Number [2] = 30
The total is 60
